#0 building with "default" instance using docker driver

#1 [internal] load build definition from Dockerfile.alma9
#1 transferring dockerfile: 8.68kB done
#1 DONE 0.0s

#2 resolve image config for docker-image://docker.io/docker/dockerfile:1.8@sha256:d6d396f3780b1dd56a3acbc975f57bd2fc501989b50164c41387c42d04e780d0
#2 DONE 0.1s

#3 docker-image://docker.io/docker/dockerfile:1.8@sha256:d6d396f3780b1dd56a3acbc975f57bd2fc501989b50164c41387c42d04e780d0
#3 resolve docker.io/docker/dockerfile:1.8@sha256:d6d396f3780b1dd56a3acbc975f57bd2fc501989b50164c41387c42d04e780d0
#3 resolve docker.io/docker/dockerfile:1.8@sha256:d6d396f3780b1dd56a3acbc975f57bd2fc501989b50164c41387c42d04e780d0 0.1s done
#3 CACHED

#4 [internal] load metadata for quay.io/condaforge/linux-anvil-x86_64:alma9
#4 DONE 0.3s

#5 [internal] load .dockerignore
#5 transferring context: 2B done
#5 DONE 0.0s

#6 [internal] load build context
#6 DONE 0.0s

#7 [common_start 1/2] FROM quay.io/condaforge/linux-anvil-x86_64:alma9@sha256:38a411ca094852bb5a00c6f0fcf1b5c1aa6d58c0454ae078413053742778189f
#7 resolve quay.io/condaforge/linux-anvil-x86_64:alma9@sha256:38a411ca094852bb5a00c6f0fcf1b5c1aa6d58c0454ae078413053742778189f 0.0s done
#7 DONE 0.0s

#8 [common_start 2/2] WORKDIR /tmp
#8 CACHED

#9 [grass_gis 1/3] RUN dnf install -y epel-release     && dnf config-manager --set-enabled crb     && dnf update -y     && dnf install -y --allowerasing     bison     bzip2     curl     flex     gcc     gcc-c++     gdal     geos     proj     netcdf     git     cairo     libcurl-devel     fftw     fftw-devel     freetype     gdal-devel     gsl     libjpeg-turbo     jsoncpp-devel     file     file-libs     ncurses     openblas     openblas-devel     openjpeg2     libomp     libomp-devel     geos-devel     PDAL     PDAL-devel     proj-devel     proj-data-north-america     postgresql-devel     gsl-devel     python3     python3-devel     readline     sqlite     libtiff     libzstd     make     mesa-libGL     mesa-libGLU     moreutils     ncurses     sqlite     unzip     vim     wget     zip     zlib          && dnf clean all     && rm -rf /var/cache/dnf
#9 CACHED

#6 [internal] load build context
#6 transferring context: 167B done
#6 DONE 0.0s

#10 [grass_gis 2/3] RUN dnf install -y glibc-all-langpacks findutils     && localedef -i en_US -f UTF-8 en_US.UTF-8
#10 1.902 AlmaLinux 9 - AppStream                          15 MB/s |  20 MB     00:01    
#10 6.674 AlmaLinux 9 - BaseOS                             19 MB/s |  30 MB     00:01    
#10 10.64 AlmaLinux 9 - CRB                               5.7 MB/s | 3.8 MB     00:00    
#10 11.67 AlmaLinux 9 - Extras                             60 kB/s |  20 kB     00:00    
#10 13.78 Extra Packages for Enterprise Linux 9 - x86_64  9.9 MB/s |  20 MB     00:02    
#10 21.63 Extra Packages for Enterprise Linux 9 openh264  2.9 kB/s | 2.5 kB     00:00    
#10 23.21 Package findutils-1:4.8.0-7.el9.x86_64 is already installed.
#10 23.28 Dependencies resolved.
#10 23.28 ================================================================================
#10 23.28  Package                  Arch        Version                 Repository   Size
#10 23.28 ================================================================================
#10 23.28 Installing:
#10 23.28  glibc-all-langpacks      x86_64      2.34-168.el9_6.23       baseos       18 M
#10 23.28 
#10 23.28 Transaction Summary
#10 23.28 ================================================================================
#10 23.28 Install  1 Package
#10 23.28 
#10 23.28 Total download size: 18 M
#10 23.28 Installed size: 217 M
#10 23.28 Downloading Packages:
#10 26.35 glibc-all-langpacks-2.34-168.el9_6.23.x86_64.rp 6.2 MB/s |  18 MB     00:02    
#10 26.36 --------------------------------------------------------------------------------
#10 26.36 Total                                           5.8 MB/s |  18 MB     00:03     
#10 26.50 Running transaction check
#10 26.50 Transaction check succeeded.
#10 26.50 Running transaction test
#10 26.64 Transaction test succeeded.
#10 26.65 Running transaction
#10 26.86   Preparing        :                                                        1/1 
#10 27.92   Installing       : glibc-all-langpacks-2.34-168.el9_6.23.x86_64           1/1 
#10 27.94   Running scriptlet: glibc-all-langpacks-2.34-168.el9_6.23.x86_64           1/1 
#10 28.83   Verifying        : glibc-all-langpacks-2.34-168.el9_6.23.x86_64           1/1 
#10 28.93 
#10 28.93 Installed:
#10 28.93   glibc-all-langpacks-2.34-168.el9_6.23.x86_64                                  
#10 28.93 
#10 28.93 Complete!
#10 29.01 [error] character map file `UTF-8' not found: No such file or directory
#10 29.01 [error] cannot read character map directory `/usr/share/i18n/charmaps': No such file or directory
#10 ERROR: process "/bin/bash -c dnf install -y glibc-all-langpacks findutils     && localedef -i en_US -f UTF-8 en_US.UTF-8" did not complete successfully: exit code: 1
------
 > [grass_gis 2/3] RUN dnf install -y glibc-all-langpacks findutils     && localedef -i en_US -f UTF-8 en_US.UTF-8:
26.64 Transaction test succeeded.
26.65 Running transaction
 
28.93 
28.93 Installed:
28.93   glibc-all-langpacks-2.34-168.el9_6.23.x86_64                                  
28.93 
28.93 Complete!
29.01 [error] character map file `UTF-8' not found: No such file or directory
29.01 [error] cannot read character map directory `/usr/share/i18n/charmaps': No such file or directory
------

 [33m17 warnings found (use docker --debug to expand):
[0m - FromAsCasing: 'as' and 'FROM' keywords' casing do not match (line 280)
 - LegacyKeyValueFormat: "ENV key=value" should be used instead of legacy "ENV key value" format (line 249)
 - LegacyKeyValueFormat: "ENV key=value" should be used instead of legacy "ENV key value" format (line 250)
 - LegacyKeyValueFormat: "ENV key=value" should be used instead of legacy "ENV key value" format (line 312)
 - FromAsCasing: 'as' and 'FROM' keywords' casing do not match (line 8)
 - LegacyKeyValueFormat: "ENV key=value" should be used instead of legacy "ENV key value" format (line 247)
 - LegacyKeyValueFormat: "ENV key=value" should be used instead of legacy "ENV key value" format (line 251)
 - LegacyKeyValueFormat: "ENV key=value" should be used instead of legacy "ENV key value" format (line 252)
 - LegacyKeyValueFormat: "ENV key=value" should be used instead of legacy "ENV key value" format (line 315)
 - UndefinedVar: Usage of undefined variable '$PYTHONPATH' (line 284)
 - FromAsCasing: 'as' and 'FROM' keywords' casing do not match (line 130)
 - FromAsCasing: 'as' and 'FROM' keywords' casing do not match (line 182)
 - FromAsCasing: 'as' and 'FROM' keywords' casing do not match (line 215)
 - LegacyKeyValueFormat: "ENV key=value" should be used instead of legacy "ENV key value" format (line 246)
 - UndefinedVar: Usage of undefined variable '$MYCXXFLAGS' (did you mean $MYCFLAGS?) (line 252)
 - FromAsCasing: 'as' and 'FROM' keywords' casing do not match (line 135)
 - UndefinedVar: Usage of undefined variable '$LD_LIBRARY_PATH' (line 284)
ERROR: failed to build: failed to solve: process "/bin/bash -c dnf install -y glibc-all-langpacks findutils     && localedef -i en_US -f UTF-8 en_US.UTF-8" did not complete successfully: exit code: 1
